Microchip MPLAB XC8 Compiler V2.00 ()

Linker command line:

-W-3 --edf=C:\Program Files (x86)\Microchip\xc8\v2.00\pic\dat\en_msgs.txt \
  -cs -h+dist/default/production\i2c_scanner.X.production.sym \
  --cmf=dist/default/production\i2c_scanner.X.production.cmf -z -Q18F2520 \
  -oC:\Users\Raphael\AppData\Local\Temp\shlk.2 --defsym=__MPLAB_BUILD=1 \
  -Mdist/default/production/i2c_scanner.X.production.map -E1 -ver=XC8 \
  --acfsm=1493 -ASTACK=0CCh-05ffh -pstack=STACK -ACODE=00h-07FFFh \
  -ACONST=00h-07FFFh -ASMALLCONST=0600h-06FFhx122 \
  -AMEDIUMCONST=0600h-07FFFh -ACOMRAM=01h-07Fh -AABS1=00h-05FFh \
  -ABIGRAM=01h-05FFh -ARAM=080h-0FFh,0100h-01FFhx5 -ABANK0=080h-0FFh \
  -ABANK1=0100h-01FFh -ABANK2=0200h-02FFh -ABANK3=0300h-03FFh \
  -ABANK4=0400h-04FFh -ABANK5=0500h-05FFh -ASFR=0F80h-0FFFh \
  -preset_vec=00h,intcode,intcodelo,powerup,init -pramtop=0600h \
  -psmallconst=SMALLCONST -pmediumconst=MEDIUMCONST -pconst=CONST \
  -AFARRAM=00h-00h -ACONFIG=0300000h-030000Dh -pconfig=CONFIG \
  -AIDLOC=0200000h-0200007h -pidloc=IDLOC -AEEDATA=0F00000h-0F000FFh \
  -peeprom_data=EEDATA \
  -prdata=COMRAM,nvrram=COMRAM,nvbit=COMRAM,rbss=COMRAM,rbit=COMRAM \
  -pfarbss=FARRAM,fardata=FARRAM,nvFARRAM=FARRAM \
  -pintsave_regs=BIGRAM,bigbss=BIGRAM,bigdata=BIGRAM -pbss=RAM \
  -pidata=CODE,irdata=CODE,ibigdata=CODE,ifardata=CODE -prparam=COMRAM \
  C:\Users\Raphael\AppData\Local\Temp\shlk.o \
  dist/default/production\i2c_scanner.X.production.o 

Object code version is 3.11

Machine type is 18F2520

Call graph: (short form)




                Name                               Link     Load   Length Selector   Space Scale
C:\Users\Raphael\AppData\Local\Temp\shlk.o
                init                                  0        0        4        0       0
                idloc                            200000   200000        8   200000       0
                config                           300000   300000        E   300000       0
dist/default/production\i2c_scanner.X.production.o
                smallconst                          600      600       BA      300       0
                text24                             187E     187E       34      35D       0
                text23                             1906     1906        4      35D       0
                text22                             11C4     11C4       E4      35D       0
                text21                             1844     1844       3A      35D       0
                text20                             1706     1706       4A      35D       0
                text19                             18FE     18FE        8      35D       0
                text18                             14D6     14D6       7C      35D       0
                text17                             18B2     18B2       2A      35D       0
                text16                             1808     1808       3C      35D       0
                text15                             160E     160E       5A      35D       0
                text14                              E0E      E0E      20E      35D       0
                text13                             1750     1750       40      35D       0
                text12                             17CC     17CC       3C      35D       0
                text11                             190A     190A        2      35D       0
                text10                             12A8     12A8       DE      35D       0
                text9                              16BA     16BA       4C      35D       0
                text8                              1668     1668       52      35D       0
                text7                              1386     1386       D2      35D       0
                text6                              1790     1790       3C      35D       0
                text5                              1458     1458       7E      35D       0
                text4                               ADA      ADA      334      35D       0
                text3                               6BA      6BA      420      35D       0
                text2                              1552     1552       62      35D       0
                text1                              15B4     15B4       5A      35D       0
                text0                              101C     101C      1A8      35D       0
                cstackCOMRAM                          1        1       73        1       1
                cstackBANK0                          80       80       2C       80       1
                bssBANK0                             AC       AC       20       80       1
                bssCOMRAM                            74       74        8        1       1
                cinit                              18DC     18DC       22      35D       0

TOTAL           Name                               Link     Load   Length     Space
        CLASS   STACK          

        CLASS   CODE           
                init                                  0        0        4         0
                text24                             187E     187E       34         0
                text23                             1906     1906        4         0
                text22                             11C4     11C4       E4         0
                text21                             1844     1844       3A         0
                text20                             1706     1706       4A         0
                text19                             18FE     18FE        8         0
                text18                             14D6     14D6       7C         0
                text17                             18B2     18B2       2A         0
                text16                             1808     1808       3C         0
                text15                             160E     160E       5A         0
                text14                              E0E      E0E      20E         0
                text13                             1750     1750       40         0
                text12                             17CC     17CC       3C         0
                text11                             190A     190A        2         0
                text10                             12A8     12A8       DE         0
                text9                              16BA     16BA       4C         0
                text8                              1668     1668       52         0
                text7                              1386     1386       D2         0
                text6                              1790     1790       3C         0
                text5                              1458     1458       7E         0
                text4                               ADA      ADA      334         0
                text3                               6BA      6BA      420         0
                text2                              1552     1552       62         0
                text1                              15B4     15B4       5A         0
                text0                              101C     101C      1A8         0
                cinit                              18DC     18DC       22         0

        CLASS   CONST          

        CLASS   SMALLCONST     
                smallconst                          600      600       BA         0

        CLASS   MEDIUMCONST    

        CLASS   COMRAM         
                cstackCOMRAM                          1        1       73         1
                bssCOMRAM                            74       74        8         1

        CLASS   ABS1           

        CLASS   BIGRAM         

        CLASS   RAM            

        CLASS   BANK0          
                cstackBANK0                          80       80       2C         1
                bssBANK0                             AC       AC       20         1

        CLASS   BANK1          

        CLASS   BANK2          

        CLASS   BANK3          

        CLASS   BANK4          

        CLASS   BANK5          

        CLASS   SFR            

        CLASS   FARRAM         

        CLASS   CONFIG         
                config                           300000   300000        E         0

        CLASS   IDLOC          
                idloc                            200000   200000        8         0

        CLASS   EEDATA         



SEGMENTS        Name                           Load    Length   Top    Selector   Space  Class

                reset_vec                      000000  000004  000004         0       0  CODE    
                cstackCOMRAM                   000001  00007B  00007C         1       1  COMRAM  
                cstackBANK0                    000080  00004C  0000CC        80       1  BANK0   
                smallconst                     000600  0000BA  0006BA       300       0  SMALLCON
                text3                          0006BA  001252  00190C       35D       0  CODE    
                idloc                          200000  000008  200008    200000       0  IDLOC   
                config                         300000  00000E  30000E    300000       0  CONFIG  


UNUSED ADDRESS RANGES

        Name                Unused          Largest block    Delta
        BANK0            0000CC-0000FF               34
        BANK1            000100-0001FF              100
        BANK2            000200-0002FF              100
        BANK3            000300-0003FF              100
        BANK4            000400-0004FF              100
        BANK5            000500-0005FF              100
        BIGRAM           00007C-00007F                4
                         0000CC-0005FF              534
        CODE             000004-0005FF              5FC
                         00190C-007FFF             66F4
        COMRAM           00007C-00007F                4
        CONST            000004-0005FF              5FC
                         00190C-007FFF             66F4
        EEDATA           F00000-F000FF              100
        MEDIUMCONST      00190C-007FFF             66F4
        RAM              0000CC-0005FF              100
        SFR              000F80-000FFF               80
        SMALLCONST       00190C-007FFF              100
        STACK            0000CC-0005FF              534

                                  Symbol Table

?___wmul                 cstackCOMRAM 000001
?_atoi                   cstackCOMRAM 000008
?_isalpha                cstackCOMRAM 000001
?_isdigit                cstackCOMRAM 000001
?_islower                cstackCOMRAM 000001
?_isspace                cstackCOMRAM 000001
?_isupper                cstackCOMRAM 000001
?_pad                    cstackCOMRAM 000011
?_sprintf                cstackCOMRAM 000062
?_strlen                 cstackCOMRAM 000001
?_toupper                cstackCOMRAM 000007
?_vfpfcnvrt              cstackCOMRAM 000043
?_vfprintf               cstackCOMRAM 00005A
?_xtoa                   cstackCOMRAM 00001C
I2C_TestADR@addr         cstackCOMRAM 000003
I2C_TestADR@error        cstackCOMRAM 000005
I2C_TestADR@m            cstackCOMRAM 000006
I2C_TestADR@val          cstackCOMRAM 000004
I2C_Wait@t               cstackCOMRAM 000001
Long_delay_ms@count      cstackCOMRAM 000001
Long_delay_ms@i          cstackCOMRAM 000004
_ADCON1                  (abs)        000FC1
_BAUDCON                 (abs)        000FB8
_CMCON                   (abs)        000FB4
_I2C_TestADR             text22       0011C4
_I2C_Wait                text24       00187E
_I2C_Wait_Clk            text23       001906
_Long_delay_ms           text21       001844
_OSCCON                  (abs)        000FD3
_PORTA                   (abs)        000F80
_PORTB                   (abs)        000F81
_PORTC                   (abs)        000F82
_PORTCbits               (abs)        000F82
_RCREG                   (abs)        000FAE
_RCSTA                   (abs)        000FAB
_SPBRG                   (abs)        000FAF
_SPBRGH                  (abs)        000FB0
_System_init             text20       001706
_TRISA                   (abs)        000F92
_TRISB                   (abs)        000F93
_TRISC                   (abs)        000F94
_TRISCbits               (abs)        000F94
_TXREG                   (abs)        000FAD
_TXSTA                   (abs)        000FAC
_TXSTAbits               (abs)        000FAC
__CFG_BOREN$SBORDIS      (abs)        000000
__CFG_BORV$3             (abs)        000000
__CFG_CCP2MX$PORTC       (abs)        000000
__CFG_CP0$OFF            (abs)        000000
__CFG_CP1$OFF            (abs)        000000
__CFG_CP2$OFF            (abs)        000000
__CFG_CP3$OFF            (abs)        000000
__CFG_CPB$OFF            (abs)        000000
__CFG_CPD$OFF            (abs)        000000
__CFG_EBTR0$OFF          (abs)        000000
__CFG_EBTR1$OFF          (abs)        000000
__CFG_EBTR2$OFF          (abs)        000000
__CFG_EBTR3$OFF          (abs)        000000
__CFG_EBTRB$OFF          (abs)        000000
__CFG_FCMEN$OFF          (abs)        000000
__CFG_IESO$OFF           (abs)        000000
__CFG_LPT1OSC$OFF        (abs)        000000
__CFG_LVP$OFF            (abs)        000000
__CFG_MCLRE$ON           (abs)        000000
__CFG_OSC$INTIO67        (abs)        000000
__CFG_PBADEN$OFF         (abs)        000000
__CFG_PWRT$ON            (abs)        000000
__CFG_STVREN$OFF         (abs)        000000
__CFG_WDT$OFF            (abs)        000000
__CFG_WDTPS$32768        (abs)        000000
__CFG_WRT0$OFF           (abs)        000000
__CFG_WRT1$OFF           (abs)        000000
__CFG_WRT2$OFF           (abs)        000000
__CFG_WRT3$OFF           (abs)        000000
__CFG_WRTB$OFF           (abs)        000000
__CFG_WRTC$OFF           (abs)        000000
__CFG_WRTD$OFF           (abs)        000000
__CFG_XINST$OFF          (abs)        000000
__HRAM                   (abs)        000000
__Habs1                  abs1         000000
__Hbank0                 bank0        000000
__Hbank1                 bank1        000000
__Hbank2                 bank2        000000
__Hbank3                 bank3        000000
__Hbank4                 bank4        000000
__Hbank5                 bank5        000000
__Hbigbss                bigbss       000000
__Hbigdata               bigdata      000000
__Hbigram                bigram       000000
__Hbss                   bss          000000
__HbssBANK0              bssBANK0     000000
__HbssCOMRAM             bssCOMRAM    000000
__Hcinit                 cinit        000000
__Hclrtext               clrtext      000000
__Hcomram                comram       000000
__Hconfig                config       30000E
__Hconst                 const        000000
__HcstackBANK0           cstackBANK0  000000
__HcstackCOMRAM          cstackCOMRAM 000000
__Hdata                  data         000000
__Heeprom_data           eeprom_data  000000
__Hfarbss                farbss       000000
__Hfardata               fardata      000000
__Hibigdata              ibigdata     000000
__Hidata                 idata        000000
__Hidloc                 idloc        200008
__Hifardata              ifardata     000000
__Hinit                  init         000004
__Hintcode               intcode      000000
__Hintcode_body          intcode_body 000000
__Hintcodelo             intcodelo    000000
__Hintentry              intentry     000000
__Hintret                intret       000000
__Hintsave_regs          intsave_regs 000000
__Hirdata                irdata       000000
__Hmediumconst           mediumconst  000000
__HnvFARRAM              nvFARRAM     000000
__Hnvbit                 nvbit        000000
__Hnvrram                nvrram       000000
__Hparam                 rparam       000000
__Hpowerup               powerup      000000
__Hram                   ram          000000
__Hramtop                ramtop       000600
__Hrbit                  rbit         000000
__Hrbss                  rbss         000000
__Hrdata                 rdata        000000
__Hreset_vec             reset_vec    000000
__Hrparam                rparam       000000
__Hsfr                   sfr          000000
__Hsmallconst            smallconst   0006BA
__Hspace_0               (abs)        30000E
__Hspace_1               (abs)        0000CC
__Hspace_2               (abs)        000000
__Hstack                 stack        000000
__Hstruct                struct       000000
__Htemp                  temp         000000
__Htext                  text         000000
__Htext0                 text0        000000
__Htext1                 text1        000000
__Htext10                text10       000000
__Htext11                text11       000000
__Htext12                text12       000000
__Htext13                text13       000000
__Htext14                text14       000000
__Htext15                text15       000000
__Htext16                text16       000000
__Htext17                text17       000000
__Htext18                text18       000000
__Htext19                text19       000000
__Htext2                 text2        000000
__Htext20                text20       000000
__Htext21                text21       000000
__Htext22                text22       000000
__Htext23                text23       000000
__Htext24                text24       000000
__Htext3                 text3        000000
__Htext4                 text4        000000
__Htext5                 text5        000000
__Htext6                 text6        000000
__Htext7                 text7        000000
__Htext8                 text8        000000
__Htext9                 text9        000000
__LRAM                   (abs)        000001
__Labs1                  abs1         000000
__Lbank0                 bank0        000000
__Lbank1                 bank1        000000
__Lbank2                 bank2        000000
__Lbank3                 bank3        000000
__Lbank4                 bank4        000000
__Lbank5                 bank5        000000
__Lbigbss                bigbss       000000
__Lbigdata               bigdata      000000
__Lbigram                bigram       000000
__Lbss                   bss          000000
__LbssBANK0              bssBANK0     000000
__LbssCOMRAM             bssCOMRAM    000000
__Lcinit                 cinit        000000
__Lclrtext               clrtext      000000
__Lcomram                comram       000000
__Lconfig                config       300000
__Lconst                 const        000000
__LcstackBANK0           cstackBANK0  000000
__LcstackCOMRAM          cstackCOMRAM 000000
__Ldata                  data         000000
__Leeprom_data           eeprom_data  000000
__Lfarbss                farbss       000000
__Lfardata               fardata      000000
__Libigdata              ibigdata     000000
__Lidata                 idata        000000
__Lidloc                 idloc        200000
__Lifardata              ifardata     000000
__Linit                  init         000000
__Lintcode               intcode      000000
__Lintcode_body          intcode_body 000000
__Lintcodelo             intcodelo    000000
__Lintentry              intentry     000000
__Lintret                intret       000000
__Lintsave_regs          intsave_regs 000000
__Lirdata                irdata       000000
__Lmediumconst           mediumconst  000000
__LnvFARRAM              nvFARRAM     000000
__Lnvbit                 nvbit        000000
__Lnvrram                nvrram       000000
__Lparam                 rparam       000000
__Lpowerup               powerup      000000
__Lram                   ram          000000
__Lramtop                ramtop       000600
__Lrbit                  rbit         000000
__Lrbss                  rbss         000000
__Lrdata                 rdata        000000
__Lreset_vec             reset_vec    000000
__Lrparam                rparam       000000
__Lsfr                   sfr          000000
__Lsmallconst            smallconst   000600
__Lspace_0               (abs)        000000
__Lspace_1               (abs)        000000
__Lspace_2               (abs)        000000
__Lstack                 stack        000000
__Lstruct                struct       000000
__Ltemp                  temp         000000
__Ltext                  text         000000
__Ltext0                 text0        000000
__Ltext1                 text1        000000
__Ltext10                text10       000000
__Ltext11                text11       000000
__Ltext12                text12       000000
__Ltext13                text13       000000
__Ltext14                text14       000000
__Ltext15                text15       000000
__Ltext16                text16       000000
__Ltext17                text17       000000
__Ltext18                text18       000000
__Ltext19                text19       000000
__Ltext2                 text2        000000
__Ltext20                text20       000000
__Ltext21                text21       000000
__Ltext22                text22       000000
__Ltext23                text23       000000
__Ltext24                text24       000000
__Ltext3                 text3        000000
__Ltext4                 text4        000000
__Ltext5                 text5        000000
__Ltext6                 text6        000000
__Ltext7                 text7        000000
__Ltext8                 text8        000000
__Ltext9                 text9        000000
__S0                     (abs)        30000E
__S1                     (abs)        0000CC
__S2                     (abs)        000000
___inthi_sp              stack        000000
___intlo_sp              stack        000000
___param_bank            (abs)        000000
___rparam_used           (abs)        000001
___sp                    stack        000000
___wmul                  text17       0018B2
___wmul@multiplicand     cstackCOMRAM 000003
___wmul@multiplier       cstackCOMRAM 000001
___wmul@product          cstackCOMRAM 000005
__accesstop              (abs)        000080
__activetblptr           (abs)        000002
__end_of_I2C_TestADR     text22       0012A8
__end_of_I2C_Wait        text24       0018B2
__end_of_I2C_Wait_Clk    text23       00190A
__end_of_Long_delay_ms   text21       00187E
__end_of_System_init     text20       001750
__end_of___wmul          text17       0018DC
__end_of__initialization cinit        0018F4
__end_of_atoi            text14       00101C
__end_of_fputc           text10       001386
__end_of_fputs           text9        001706
__end_of_isalpha         text13       001790
__end_of_isdigit         text16       001844
__end_of_islower         text6        0017CC
__end_of_isspace         text15       001668
__end_of_isupper         text12       001808
__end_of_main            text0        0011C4
__end_of_pad             text7        001458
__end_of_putch           text11       00190C
__end_of_putrsserial     text18       001552
__end_of_sprintf         text1        00160E
__end_of_strlen          text8        0016BA
__end_of_toupper         text5        0014D6
__end_of_vfpfcnvrt       text3        000ADA
__end_of_vfprintf        text2        0015B4
__end_of_writeserial     text19       001906
__end_of_xtoa            text4        000E0E
__initialization         cinit        0018DC
__mediumconst            mediumconst  000000
__pbssBANK0              bssBANK0     0000AC
__pbssCOMRAM             bssCOMRAM    000074
__pcinit                 cinit        0018DC
__pcstackBANK0           cstackBANK0  000080
__pcstackCOMRAM          cstackCOMRAM 000001
__psmallconst            smallconst   000600
__ptext0                 text0        00101C
__ptext1                 text1        0015B4
__ptext10                text10       0012A8
__ptext11                text11       00190A
__ptext12                text12       0017CC
__ptext13                text13       001750
__ptext14                text14       000E0E
__ptext15                text15       00160E
__ptext16                text16       001808
__ptext17                text17       0018B2
__ptext18                text18       0014D6
__ptext19                text19       0018FE
__ptext2                 text2        001552
__ptext20                text20       001706
__ptext21                text21       001844
__ptext22                text22       0011C4
__ptext23                text23       001906
__ptext24                text24       00187E
__ptext3                 text3        0006BA
__ptext4                 text4        000ADA
__ptext5                 text5        001458
__ptext6                 text6        001790
__ptext7                 text7        001386
__ptext8                 text8        001668
__ptext9                 text9        0016BA
__ramtop                 ramtop       000600
__size_of_I2C_TestADR    (abs)        000000
__size_of_I2C_Wait       (abs)        000000
__size_of_I2C_Wait_Clk   (abs)        000000
__size_of_Long_delay_ms  (abs)        000000
__size_of_System_init    (abs)        000000
__size_of___wmul         (abs)        000000
__size_of_atoi           (abs)        000000
__size_of_fputc          (abs)        000000
__size_of_fputs          (abs)        000000
__size_of_isalpha        (abs)        000000
__size_of_isdigit        (abs)        000000
__size_of_islower        (abs)        000000
__size_of_isspace        (abs)        000000
__size_of_isupper        (abs)        000000
__size_of_main           (abs)        000000
__size_of_pad            (abs)        000000
__size_of_putch          (abs)        000000
__size_of_putrsserial    (abs)        000000
__size_of_sprintf        (abs)        000000
__size_of_strlen         (abs)        000000
__size_of_toupper        (abs)        000000
__size_of_vfpfcnvrt      (abs)        000000
__size_of_vfprintf       (abs)        000000
__size_of_writeserial    (abs)        000000
__size_of_xtoa           (abs)        000000
__smallconst             smallconst   000600
_atoi                    text14       000E0E
_atoi$853                cstackCOMRAM 000010
_atoi$854                cstackCOMRAM 000014
_atoi$855                cstackCOMRAM 000012
_dbuf                    bssBANK0     0000AC
_flags                   bssCOMRAM    00007A
_fputc                   text10       0012A8
_fputs                   text9        0016BA
_isalpha                 text13       001750
_isdigit                 text16       001808
_islower                 text6        001790
_isspace                 text15       00160E
_isspace$880             cstackCOMRAM 000007
_isupper                 text12       0017CC
_main                    text0        00101C
_nout                    bssCOMRAM    000074
_pad                     text7        001386
_prec                    bssCOMRAM    000078
_putch                   text11       00190A
_putrsserial             text18       0014D6
_sprintf                 text1        0015B4
_strlen                  text8        001668
_toupper                 text5        001458
_toupper$956             cstackCOMRAM 00000D
_vfpfcnvrt               text3        0006BA
_vfpfcnvrt$398           cstackCOMRAM 000057
_vfprintf                text2        001552
_width                   bssCOMRAM    000076
_writeserial             text19       0018FE
_xtoa                    text4        000ADA
_xtoa$382                cstackCOMRAM 00002F
_xtoa$383                cstackCOMRAM 000031
atoi@n                   cstackCOMRAM 000015
atoi@neg                 cstackCOMRAM 00000E
atoi@s                   cstackCOMRAM 000008
end_of_initialization    cinit        0018F4
fputc@c                  cstackCOMRAM 000001
fputc@fp                 cstackCOMRAM 000003
fputs@c                  cstackCOMRAM 00000E
fputs@fp                 cstackCOMRAM 00000C
fputs@i                  cstackCOMRAM 00000F
fputs@s                  cstackCOMRAM 00000A
intlevel0                text         000000
intlevel1                text         000000
intlevel2                text         000000
intlevel3                text         000000
isalpha@c                cstackCOMRAM 000001
isdigit@c                cstackCOMRAM 000001
islower@c                cstackCOMRAM 000001
isspace@c                cstackCOMRAM 000001
isupper@c                cstackCOMRAM 000001
main@address             cstackBANK0  0000AB
main@chartoserial        cstackBANK0  000080
main@error               cstackBANK0  0000AA
main@nDevices            cstackBANK0  0000A8
pad@buf                  cstackCOMRAM 000013
pad@fp                   cstackCOMRAM 000011
pad@i                    cstackCOMRAM 000018
pad@p                    cstackCOMRAM 000015
pad@w                    cstackCOMRAM 00001A
putrsserial@data         cstackCOMRAM 000002
sprintf@ap               cstackCOMRAM 00006C
sprintf@f                cstackCOMRAM 00006E
sprintf@fmt              cstackCOMRAM 000064
sprintf@ret              cstackCOMRAM 00006A
sprintf@s                cstackCOMRAM 000062
stackhi                  (abs)        0005FF
stacklo                  (abs)        0000CC
start                    init         000000
start_initialization     cinit        0018DC
strlen@a                 cstackCOMRAM 000005
strlen@s                 cstackCOMRAM 000001
toupper@c                cstackCOMRAM 000007
vfpfcnvrt@ap             cstackCOMRAM 000047
vfpfcnvrt@c              cstackCOMRAM 000059
vfpfcnvrt@done           cstackCOMRAM 000055
vfpfcnvrt@fmt            cstackCOMRAM 000045
vfpfcnvrt@fp             cstackCOMRAM 000043
vfpfcnvrt@llu            cstackCOMRAM 00004D
vfprintf@ap              cstackCOMRAM 00005E
vfprintf@cfmt            cstackCOMRAM 000060
vfprintf@fmt             cstackCOMRAM 00005C
vfprintf@fp              cstackCOMRAM 00005A
writeserial@data         cstackCOMRAM 000001
xtoa@c                   cstackCOMRAM 000041
xtoa@d                   cstackCOMRAM 00001E
xtoa@fp                  cstackCOMRAM 00001C
xtoa@i                   cstackCOMRAM 00003F
xtoa@n                   cstackCOMRAM 000037
xtoa@p                   cstackCOMRAM 000033
xtoa@w                   cstackCOMRAM 000035
xtoa@x                   cstackCOMRAM 000026


FUNCTION INFORMATION:

 *************** function _main *****************
 Defined at:
		line 24 in file "main.c"
 Parameters:    Size  Location     Type
		None
 Auto vars:     Size  Location     Type
  chartoserial   40    0[BANK0 ] unsigned char [40]
  nDevices        2   40[BANK0 ] unsigned short 
  address         1   43[BANK0 ] unsigned char 
  error           1   42[BANK0 ] unsigned char 
 Return value:  Size  Location     Type
                  1    wreg      void 
 Registers used:
		wreg, fsr1l, fsr1h, fsr2l, fsr2h, status,2, status,0, tblptrl, tblptrh, tblptru, prodl, prodh, cstack
 Tracked objects:
		On entry : 
		On exit  : 
		Unchanged: 
 Data sizes:     COMRAM   BANK0   BANK1   BANK2   BANK3   BANK4   BANK5
      Params:         0       0       0       0       0       0       0
      Locals:         0      44       0       0       0       0       0
      Temps:          0       0       0       0       0       0       0
      Totals:         0      44       0       0       0       0       0
Total ram usage:       44 bytes
 Hardware stack levels required when called:    8
 This function calls:
		_I2C_TestADR
		_Long_delay_ms
		_System_init
		_putrsserial
		_sprintf
 This function is called by:
		Startup code after reset
 This function uses a non-reentrant model


 *************** function _sprintf *****************
 Defined at:
		line 9 in file "C:\Program Files (x86)\Microchip\xc8\v2.00\pic\sources\c99\common\nf_sprintf.c"
 Parameters:    Size  Location     Type
  s               2   97[COMRAM] PTR unsigned char 
		 -> main@chartoserial(40), 
  fmt             2   99[COMRAM] PTR const unsigned char 
		 -> STR_10(5), STR_6(14), 
 Auto vars:     Size  Location     Type
  f               6  109[COMRAM] struct _IO_FILE
  ap              2  107[COMRAM] PTR void [1]
		 -> ?_sprintf(2), 
  ret             2  105[COMRAM] int 
 Return value:  Size  Location     Type
                  2   97[COMRAM] int 
 Registers used:
		wreg, fsr1l, fsr1h, fsr2l, fsr2h, status,2, status,0, tblptrl, tblptrh, tblptru, prodl, prodh, cstack
 Tracked objects:
		On entry : 
		On exit  : 
		Unchanged: 
 Data sizes:     COMRAM   BANK0   BANK1   BANK2   BANK3   BANK4   BANK5
      Params:         8       0       0       0       0       0       0
      Locals:        10       0       0       0       0       0       0
      Temps:          0       0       0       0       0       0       0
      Totals:        18       0       0       0       0       0       0
Total ram usage:       18 bytes
 Hardware stack levels used:    1
 Hardware stack levels required when called:    7
 This function calls:
		_vfprintf
 This function is called by:
		_main
 This function uses a non-reentrant model


 *************** function _vfprintf *****************
 Defined at:
		line 1368 in file "C:\Program Files (x86)\Microchip\xc8\v2.00\pic\sources\c99\common\doprnt.c"
 Parameters:    Size  Location     Type
  fp              2   89[COMRAM] PTR struct _IO_FILE
		 -> sprintf@f(6), 
  fmt             2   91[COMRAM] PTR const unsigned char 
		 -> STR_10(5), STR_6(14), 
  ap              2   93[COMRAM] PTR PTR void 
		 -> sprintf@ap(2), 
 Auto vars:     Size  Location     Type
  cfmt            2   95[COMRAM] PTR unsigned char 
		 -> STR_10(5), STR_6(14), 
 Return value:  Size  Location     Type
                  2   89[COMRAM] int 
 Registers used:
		wreg, fsr1l, fsr1h, fsr2l, fsr2h, status,2, status,0, tblptrl, tblptrh, tblptru, prodl, prodh, cstack
 Tracked objects:
		On entry : 
		On exit  : 
		Unchanged: 
 Data sizes:     COMRAM   BANK0   BANK1   BANK2   BANK3   BANK4   BANK5
      Params:         6       0       0       0       0       0       0
      Locals:         2       0       0       0       0       0       0
      Temps:          0       0       0       0       0       0       0
      Totals:         8       0       0       0       0       0       0
Total ram usage:        8 bytes
 Hardware stack levels used:    1
 Hardware stack levels required when called:    6
 This function calls:
		_vfpfcnvrt
 This function is called by:
		_sprintf
 This function uses a non-reentrant model


 *************** function _vfpfcnvrt *****************
 Defined at:
		line 670 in file "C:\Program Files (x86)\Microchip\xc8\v2.00\pic\sources\c99\common\doprnt.c"
 Parameters:    Size  Location     Type
  fp              2   66[COMRAM] PTR struct _IO_FILE
		 -> sprintf@f(6), 
  fmt             2   68[COMRAM] PTR PTR unsigned char 
		 -> vfprintf@cfmt(2), 
  ap              2   70[COMRAM] PTR PTR void 
		 -> sprintf@ap(2), 
 Auto vars:     Size  Location     Type
  llu             8   76[COMRAM] unsigned long long 
  ll              8    0        long long 
  f               4    0        long long 
  vp              3    0        PTR void 
  ct              3    0        unsigned char [3]
  cp              3    0        PTR unsigned char 
  done            2   84[COMRAM] int 
  i               2    0        int 
  c               1   88[COMRAM] unsigned char 
 Return value:  Size  Location     Type
                  2   66[COMRAM] int 
 Registers used:
		wreg, fsr1l, fsr1h, fsr2l, fsr2h, status,2, status,0, tblptrl, tblptrh, tblptru, prodl, prodh, cstack
 Tracked objects:
		On entry : 
		On exit  : 
		Unchanged: 
 Data sizes:     COMRAM   BANK0   BANK1   BANK2   BANK3   BANK4   BANK5
      Params:         6       0       0       0       0       0       0
      Locals:        13       0       0       0       0       0       0
      Temps:          4       0       0       0       0       0       0
      Totals:        23       0       0       0       0       0       0
Total ram usage:       23 bytes
 Hardware stack levels used:    1
 Hardware stack levels required when called:    5
 This function calls:
		_atoi
		_fputc
		_isdigit
		_xtoa
 This function is called by:
		_vfprintf
 This function uses a non-reentrant model


 *************** function _xtoa *****************
 Defined at:
		line 623 in file "C:\Program Files (x86)\Microchip\xc8\v2.00\pic\sources\c99\common\doprnt.c"
 Parameters:    Size  Location     Type
  fp              2   27[COMRAM] PTR struct _IO_FILE
		 -> sprintf@f(6), 
  d               8   29[COMRAM] unsigned long long 
  x               1   37[COMRAM] unsigned char 
 Auto vars:     Size  Location     Type
  n               8   54[COMRAM] unsigned long long 
  c               2   64[COMRAM] int 
  i               2   62[COMRAM] int 
  w               2   52[COMRAM] int 
  p               2   50[COMRAM] int 
 Return value:  Size  Location     Type
                  2   27[COMRAM] int 
 Registers used:
		wreg, fsr1l, fsr1h, fsr2l, fsr2h, status,2, status,0, cstack
 Tracked objects:
		On entry : 
		On exit  : 
		Unchanged: 
 Data sizes:     COMRAM   BANK0   BANK1   BANK2   BANK3   BANK4   BANK5
      Params:        11       0       0       0       0       0       0
      Locals:        20       0       0       0       0       0       0
      Temps:          8       0       0       0       0       0       0
      Totals:        39       0       0       0       0       0       0
Total ram usage:       39 bytes
 Hardware stack levels used:    1
 Hardware stack levels required when called:    4
 This function calls:
		_isalpha
		_isupper
		_pad
		_toupper
 This function is called by:
		_vfpfcnvrt
 This function uses a non-reentrant model


 *************** function _toupper *****************
 Defined at:
		line 4 in file "C:\Program Files (x86)\Microchip\xc8\v2.00\pic\sources\c99\common\toupper.c"
 Parameters:    Size  Location     Type
  c               2    6[COMRAM] int 
 Auto vars:     Size  Location     Type
		None
 Return value:  Size  Location     Type
                  2    6[COMRAM] int 
 Registers used:
		wreg, status,2, status,0, cstack
 Tracked objects:
		On entry : 
		On exit  : 
		Unchanged: 
 Data sizes:     COMRAM   BANK0   BANK1   BANK2   BANK3   BANK4   BANK5
      Params:         2       0       0       0       0       0       0
      Locals:         2       0       0       0       0       0       0
      Temps:          4       0       0       0       0       0       0
      Totals:         8       0       0       0       0       0       0
Total ram usage:        8 bytes
 Hardware stack levels used:    1
 Hardware stack levels required when called:    1
 This function calls:
		_islower
 This function is called by:
		_xtoa
 This function uses a non-reentrant model


 *************** function _islower *****************
 Defined at:
		line 5 in file "C:\Program Files (x86)\Microchip\xc8\v2.00\pic\sources\c99\common\islower.c"
 Parameters:    Size  Location     Type
  c               2    0[COMRAM] int 
 Auto vars:     Size  Location     Type
		None
 Return value:  Size  Location     Type
                  2    0[COMRAM] int 
 Registers used:
		wreg, status,2, status,0
 Tracked objects:
		On entry : 
		On exit  : 
		Unchanged: 
 Data sizes:     COMRAM   BANK0   BANK1   BANK2   BANK3   BANK4   BANK5
      Params:         2       0       0       0       0       0       0
      Locals:         0       0       0       0       0       0       0
      Temps:          4       0       0       0       0       0       0
      Totals:         6       0       0       0       0       0       0
Total ram usage:        6 bytes
 Hardware stack levels used:    1
 This function calls:
		Nothing
 This function is called by:
		_toupper
 This function uses a non-reentrant model


 *************** function _pad *****************
 Defined at:
		line 72 in file "C:\Program Files (x86)\Microchip\xc8\v2.00\pic\sources\c99\common\doprnt.c"
 Parameters:    Size  Location     Type
  fp              2   16[COMRAM] PTR struct _IO_FILE
		 -> sprintf@f(6), 
  buf             2   18[COMRAM] PTR unsigned char 
		 -> dbuf(32), 
  p               2   20[COMRAM] int 
 Auto vars:     Size  Location     Type
  w               2   25[COMRAM] int 
  i               2   23[COMRAM] int 
 Return value:  Size  Location     Type
                  2   16[COMRAM] int 
 Registers used:
		wreg, fsr1l, fsr1h, fsr2l, fsr2h, status,2, status,0, cstack
 Tracked objects:
		On entry : 
		On exit  : 
		Unchanged: 
 Data sizes:     COMRAM   BANK0   BANK1   BANK2   BANK3   BANK4   BANK5
      Params:         6       0       0       0       0       0       0
      Locals:         4       0       0       0       0       0       0
      Temps:          1       0       0       0       0       0       0
      Totals:        11       0       0       0       0       0       0
Total ram usage:       11 bytes
 Hardware stack levels used:    1
 Hardware stack levels required when called:    3
 This function calls:
		_fputc
		_fputs
		_strlen
 This function is called by:
		_xtoa
 This function uses a non-reentrant model


 *************** function _strlen *****************
 Defined at:
		line 12 in file "C:\Program Files (x86)\Microchip\xc8\v2.00\pic\sources\c99\common\strlen.c"
 Parameters:    Size  Location     Type
  s               2    0[COMRAM] PTR const unsigned char 
		 -> dbuf(32), 
 Auto vars:     Size  Location     Type
  a               2    4[COMRAM] PTR const unsigned char 
		 -> dbuf(32), 
 Return value:  Size  Location     Type
                  2    0[COMRAM] unsigned int 
 Registers used:
		wreg, fsr2l, fsr2h, status,2, status,0
 Tracked objects:
		On entry : 
		On exit  : 
		Unchanged: 
 Data sizes:     COMRAM   BANK0   BANK1   BANK2   BANK3   BANK4   BANK5
      Params:         2       0       0       0       0       0       0
      Locals:         2       0       0       0       0       0       0
      Temps:          2       0       0       0       0       0       0
      Totals:         6       0       0       0       0       0       0
Total ram usage:        6 bytes
 Hardware stack levels used:    1
 This function calls:
		Nothing
 This function is called by:
		_pad
 This function uses a non-reentrant model


 *************** function _fputs *****************
 Defined at:
		line 8 in file "C:\Program Files (x86)\Microchip\xc8\v2.00\pic\sources\c99\common\nf_fputs.c"
 Parameters:    Size  Location     Type
  s               2    9[COMRAM] PTR const unsigned char 
		 -> dbuf(32), 
  fp              2   11[COMRAM] PTR struct _IO_FILE
		 -> sprintf@f(6), 
 Auto vars:     Size  Location     Type
  i               2   14[COMRAM] int 
  c               1   13[COMRAM] unsigned char 
 Return value:  Size  Location     Type
                  2    9[COMRAM] int 
 Registers used:
		wreg, fsr1l, fsr1h, fsr2l, fsr2h, status,2, status,0, cstack
 Tracked objects:
		On entry : 
		On exit  : 
		Unchanged: 
 Data sizes:     COMRAM   BANK0   BANK1   BANK2   BANK3   BANK4   BANK5
      Params:         4       0       0       0       0       0       0
      Locals:         3       0       0       0       0       0       0
      Temps:          0       0       0       0       0       0       0
      Totals:         7       0       0       0       0       0       0
Total ram usage:        7 bytes
 Hardware stack levels used:    1
 Hardware stack levels required when called:    2
 This function calls:
		_fputc
 This function is called by:
		_pad
 This function uses a non-reentrant model


 *************** function _fputc *****************
 Defined at:
		line 8 in file "C:\Program Files (x86)\Microchip\xc8\v2.00\pic\sources\c99\common\nf_fputc.c"
 Parameters:    Size  Location     Type
  c               2    0[COMRAM] int 
  fp              2    2[COMRAM] PTR struct _IO_FILE
		 -> sprintf@f(6), 
 Auto vars:     Size  Location     Type
		None
 Return value:  Size  Location     Type
                  2    0[COMRAM] int 
 Registers used:
		wreg, fsr1l, fsr1h, fsr2l, fsr2h, status,2, status,0, cstack
 Tracked objects:
		On entry : 
		On exit  : 
		Unchanged: 
 Data sizes:     COMRAM   BANK0   BANK1   BANK2   BANK3   BANK4   BANK5
      Params:         4       0       0       0       0       0       0
      Locals:         0       0       0       0       0       0       0
      Temps:          5       0       0       0       0       0       0
      Totals:         9       0       0       0       0       0       0
Total ram usage:        9 bytes
 Hardware stack levels used:    1
 Hardware stack levels required when called:    1
 This function calls:
		_putch
 This function is called by:
		_pad
		_vfpfcnvrt
		_fputs
 This function uses a non-reentrant model


 *************** function _putch *****************
 Defined at:
		line 7 in file "C:\Program Files (x86)\Microchip\xc8\v2.00\pic\sources\c99\common\putch.c"
 Parameters:    Size  Location     Type
  c               1    wreg     unsigned char 
 Auto vars:     Size  Location     Type
  c               1    0[COMRAM] unsigned char 
 Return value:  Size  Location     Type
                  1    wreg      void 
 Registers used:
		wreg
 Tracked objects:
		On entry : 
		On exit  : 
		Unchanged: 
 Data sizes:     COMRAM   BANK0   BANK1   BANK2   BANK3   BANK4   BANK5
      Params:         0       0       0       0       0       0       0
      Locals:         0       0       0       0       0       0       0
      Temps:          0       0       0       0       0       0       0
      Totals:         0       0       0       0       0       0       0
Total ram usage:        0 bytes
 Hardware stack levels used:    1
 This function calls:
		Nothing
 This function is called by:
		_fputc
 This function uses a non-reentrant model


 *************** function _isupper *****************
 Defined at:
		line 5 in file "C:\Program Files (x86)\Microchip\xc8\v2.00\pic\sources\c99\common\isupper.c"
 Parameters:    Size  Location     Type
  c               2    0[COMRAM] int 
 Auto vars:     Size  Location     Type
		None
 Return value:  Size  Location     Type
                  2    0[COMRAM] int 
 Registers used:
		wreg, status,2, status,0
 Tracked objects:
		On entry : 
		On exit  : 
		Unchanged: 
 Data sizes:     COMRAM   BANK0   BANK1   BANK2   BANK3   BANK4   BANK5
      Params:         2       0       0       0       0       0       0
      Locals:         0       0       0       0       0       0       0
      Temps:          4       0       0       0       0       0       0
      Totals:         6       0       0       0       0       0       0
Total ram usage:        6 bytes
 Hardware stack levels used:    1
 This function calls:
		Nothing
 This function is called by:
		_xtoa
 This function uses a non-reentrant model


 *************** function _isalpha *****************
 Defined at:
		line 5 in file "C:\Program Files (x86)\Microchip\xc8\v2.00\pic\sources\c99\common\isalpha.c"
 Parameters:    Size  Location     Type
  c               2    0[COMRAM] int 
 Auto vars:     Size  Location     Type
		None
 Return value:  Size  Location     Type
                  2    0[COMRAM] int 
 Registers used:
		wreg, status,2, status,0
 Tracked objects:
		On entry : 
		On exit  : 
		Unchanged: 
 Data sizes:     COMRAM   BANK0   BANK1   BANK2   BANK3   BANK4   BANK5
      Params:         2       0       0       0       0       0       0
      Locals:         0       0       0       0       0       0       0
      Temps:          4       0       0       0       0       0       0
      Totals:         6       0       0       0       0       0       0
Total ram usage:        6 bytes
 Hardware stack levels used:    1
 This function calls:
		Nothing
 This function is called by:
		_xtoa
 This function uses a non-reentrant model


 *************** function _atoi *****************
 Defined at:
		line 4 in file "C:\Program Files (x86)\Microchip\xc8\v2.00\pic\sources\c99\common\atoi.c"
 Parameters:    Size  Location     Type
  s               2    7[COMRAM] PTR const unsigned char 
		 -> STR_10(5), STR_6(14), 
 Auto vars:     Size  Location     Type
  n               2   20[COMRAM] int 
  neg             2   13[COMRAM] int 
 Return value:  Size  Location     Type
                  2    7[COMRAM] int 
 Registers used:
		wreg, status,2, status,0, tblptrl, tblptrh, tblptru, prodl, prodh, cstack
 Tracked objects:
		On entry : 
		On exit  : 
		Unchanged: 
 Data sizes:     COMRAM   BANK0   BANK1   BANK2   BANK3   BANK4   BANK5
      Params:         2       0       0       0       0       0       0
      Locals:         9       0       0       0       0       0       0
      Temps:          4       0       0       0       0       0       0
      Totals:        15       0       0       0       0       0       0
Total ram usage:       15 bytes
 Hardware stack levels used:    1
 Hardware stack levels required when called:    1
 This function calls:
		___wmul
		_isdigit
		_isspace
 This function is called by:
		_vfpfcnvrt
 This function uses a non-reentrant model


 *************** function _isspace *****************
 Defined at:
		line 5 in file "C:\Program Files (x86)\Microchip\xc8\v2.00\pic\sources\c99\common\isspace.c"
 Parameters:    Size  Location     Type
  c               2    0[COMRAM] int 
 Auto vars:     Size  Location     Type
		None
 Return value:  Size  Location     Type
                  2    0[COMRAM] int 
 Registers used:
		wreg, status,2, status,0
 Tracked objects:
		On entry : 
		On exit  : 
		Unchanged: 
 Data sizes:     COMRAM   BANK0   BANK1   BANK2   BANK3   BANK4   BANK5
      Params:         2       0       0       0       0       0       0
      Locals:         1       0       0       0       0       0       0
      Temps:          4       0       0       0       0       0       0
      Totals:         7       0       0       0       0       0       0
Total ram usage:        7 bytes
 Hardware stack levels used:    1
 This function calls:
		Nothing
 This function is called by:
		_atoi
 This function uses a non-reentrant model


 *************** function _isdigit *****************
 Defined at:
		line 5 in file "C:\Program Files (x86)\Microchip\xc8\v2.00\pic\sources\c99\common\isdigit.c"
 Parameters:    Size  Location     Type
  c               2    0[COMRAM] int 
 Auto vars:     Size  Location     Type
		None
 Return value:  Size  Location     Type
                  2    0[COMRAM] int 
 Registers used:
		wreg, status,2, status,0
 Tracked objects:
		On entry : 
		On exit  : 
		Unchanged: 
 Data sizes:     COMRAM   BANK0   BANK1   BANK2   BANK3   BANK4   BANK5
      Params:         2       0       0       0       0       0       0
      Locals:         0       0       0       0       0       0       0
      Temps:          4       0       0       0       0       0       0
      Totals:         6       0       0       0       0       0       0
Total ram usage:        6 bytes
 Hardware stack levels used:    1
 This function calls:
		Nothing
 This function is called by:
		_vfpfcnvrt
		_atoi
 This function uses a non-reentrant model


 *************** function ___wmul *****************
 Defined at:
		line 15 in file "C:\Program Files (x86)\Microchip\xc8\v2.00\pic\sources\c99\common\Umul16.c"
 Parameters:    Size  Location     Type
  multiplier      2    0[COMRAM] unsigned int 
  multiplicand    2    2[COMRAM] unsigned int 
 Auto vars:     Size  Location     Type
  product         2    4[COMRAM] unsigned int 
 Return value:  Size  Location     Type
                  2    0[COMRAM] unsigned int 
 Registers used:
		wreg, status,2, status,0, prodl, prodh
 Tracked objects:
		On entry : 
		On exit  : 
		Unchanged: 
 Data sizes:     COMRAM   BANK0   BANK1   BANK2   BANK3   BANK4   BANK5
      Params:         4       0       0       0       0       0       0
      Locals:         2       0       0       0       0       0       0
      Temps:          0       0       0       0       0       0       0
      Totals:         6       0       0       0       0       0       0
Total ram usage:        6 bytes
 Hardware stack levels used:    1
 This function calls:
		Nothing
 This function is called by:
		_atoi
 This function uses a non-reentrant model


 *************** function _putrsserial *****************
 Defined at:
		line 11 in file "serial.c"
 Parameters:    Size  Location     Type
  data            2    1[COMRAM] PTR const unsigned char 
		 -> STR_12(12), STR_11(22), STR_9(2), STR_8(27), 
		 -> STR_7(5), main@chartoserial(40), STR_5(2), STR_4(32), 
		 -> STR_3(42), STR_2(13), STR_1(14), 
 Auto vars:     Size  Location     Type
		None
 Return value:  Size  Location     Type
                  1    wreg      void 
 Registers used:
		wreg, fsr1l, fsr1h, status,2, status,0, tblptrl, tblptrh, tblptru, cstack
 Tracked objects:
		On entry : 
		On exit  : 
		Unchanged: 
 Data sizes:     COMRAM   BANK0   BANK1   BANK2   BANK3   BANK4   BANK5
      Params:         2       0       0       0       0       0       0
      Locals:         0       0       0       0       0       0       0
      Temps:          2       0       0       0       0       0       0
      Totals:         4       0       0       0       0       0       0
Total ram usage:        4 bytes
 Hardware stack levels used:    1
 Hardware stack levels required when called:    1
 This function calls:
		_writeserial
 This function is called by:
		_main
 This function uses a non-reentrant model


 *************** function _writeserial *****************
 Defined at:
		line 29 in file "serial.c"
 Parameters:    Size  Location     Type
  data            1    wreg     unsigned char 
 Auto vars:     Size  Location     Type
  data            1    0[COMRAM] unsigned char 
 Return value:  Size  Location     Type
                  1    wreg      void 
 Registers used:
		wreg
 Tracked objects:
		On entry : 
		On exit  : 
		Unchanged: 
 Data sizes:     COMRAM   BANK0   BANK1   BANK2   BANK3   BANK4   BANK5
      Params:         0       0       0       0       0       0       0
      Locals:         1       0       0       0       0       0       0
      Temps:          0       0       0       0       0       0       0
      Totals:         1       0       0       0       0       0       0
Total ram usage:        1 bytes
 Hardware stack levels used:    1
 This function calls:
		Nothing
 This function is called by:
		_putrsserial
		_putsserial
 This function uses a non-reentrant model


 *************** function _System_init *****************
 Defined at:
		line 79 in file "main.c"
 Parameters:    Size  Location     Type
		None
 Auto vars:     Size  Location     Type
		None
 Return value:  Size  Location     Type
                  1    wreg      void 
 Registers used:
		wreg, status,2
 Tracked objects:
		On entry : 
		On exit  : 
		Unchanged: 
 Data sizes:     COMRAM   BANK0   BANK1   BANK2   BANK3   BANK4   BANK5
      Params:         0       0       0       0       0       0       0
      Locals:         0       0       0       0       0       0       0
      Temps:          1       0       0       0       0       0       0
      Totals:         1       0       0       0       0       0       0
Total ram usage:        1 bytes
 Hardware stack levels used:    1
 This function calls:
		Nothing
 This function is called by:
		_main
 This function uses a non-reentrant model


 *************** function _Long_delay_ms *****************
 Defined at:
		line 103 in file "main.c"
 Parameters:    Size  Location     Type
  count           2    0[COMRAM] unsigned int 
 Auto vars:     Size  Location     Type
  i               2    3[COMRAM] unsigned int 
 Return value:  Size  Location     Type
                  1    wreg      void 
 Registers used:
		wreg, status,2, status,0
 Tracked objects:
		On entry : 
		On exit  : 
		Unchanged: 
 Data sizes:     COMRAM   BANK0   BANK1   BANK2   BANK3   BANK4   BANK5
      Params:         2       0       0       0       0       0       0
      Locals:         2       0       0       0       0       0       0
      Temps:          1       0       0       0       0       0       0
      Totals:         5       0       0       0       0       0       0
Total ram usage:        5 bytes
 Hardware stack levels used:    1
 This function calls:
		Nothing
 This function is called by:
		_main
 This function uses a non-reentrant model


 *************** function _I2C_TestADR *****************
 Defined at:
		line 14 in file "i2c_scan.c"
 Parameters:    Size  Location     Type
  addr            1    wreg     unsigned char 
 Auto vars:     Size  Location     Type
  addr            1    2[COMRAM] unsigned char 
  m               1    5[COMRAM] unsigned char 
  error           1    4[COMRAM] unsigned char 
  val             1    3[COMRAM] unsigned char 
 Return value:  Size  Location     Type
                  1    wreg      unsigned char 
 Registers used:
		wreg, status,2, status,0, cstack
 Tracked objects:
		On entry : 
		On exit  : 
		Unchanged: 
 Data sizes:     COMRAM   BANK0   BANK1   BANK2   BANK3   BANK4   BANK5
      Params:         0       0       0       0       0       0       0
      Locals:         4       0       0       0       0       0       0
      Temps:          1       0       0       0       0       0       0
      Totals:         5       0       0       0       0       0       0
Total ram usage:        5 bytes
 Hardware stack levels used:    1
 Hardware stack levels required when called:    1
 This function calls:
		_I2C_Wait
		_I2C_Wait_Clk
 This function is called by:
		_main
 This function uses a non-reentrant model


 *************** function _I2C_Wait_Clk *****************
 Defined at:
		line 81 in file "i2c_scan.c"
 Parameters:    Size  Location     Type
		None
 Auto vars:     Size  Location     Type
		None
 Return value:  Size  Location     Type
                  1    wreg      void 
 Registers used:
		None
 Tracked objects:
		On entry : 
		On exit  : 
		Unchanged: 
 Data sizes:     COMRAM   BANK0   BANK1   BANK2   BANK3   BANK4   BANK5
      Params:         0       0       0       0       0       0       0
      Locals:         0       0       0       0       0       0       0
      Temps:          0       0       0       0       0       0       0
      Totals:         0       0       0       0       0       0       0
Total ram usage:        0 bytes
 Hardware stack levels used:    1
 This function calls:
		Nothing
 This function is called by:
		_I2C_TestADR
 This function uses a non-reentrant model


 *************** function _I2C_Wait *****************
 Defined at:
		line 86 in file "i2c_scan.c"
 Parameters:    Size  Location     Type
		None
 Auto vars:     Size  Location     Type
  t               1    0[COMRAM] volatile unsigned char 
 Return value:  Size  Location     Type
                  1    wreg      void 
 Registers used:
		wreg, status,2, status,0
 Tracked objects:
		On entry : 
		On exit  : 
		Unchanged: 
 Data sizes:     COMRAM   BANK0   BANK1   BANK2   BANK3   BANK4   BANK5
      Params:         0       0       0       0       0       0       0
      Locals:         1       0       0       0       0       0       0
      Temps:          0       0       0       0       0       0       0
      Totals:         1       0       0       0       0       0       0
Total ram usage:        1 bytes
 Hardware stack levels used:    1
 This function calls:
		Nothing
 This function is called by:
		_I2C_TestADR
 This function uses a non-reentrant model



MODULE INFORMATION

Module		Function		Class		Link	Load	Size
C:\Program Files (x86)\Microchip\xc8\v2.00\pic\sources\c99\common\isspace.c
		_isspace       		CODE           	160E	0000	91

C:\Program Files (x86)\Microchip\xc8\v2.00\pic\sources\c99\common\isspace.c estimated size: 91

serial.c
		_putrsserial   		CODE           	14D6	0000	125
		_writeserial   		CODE           	18FE	0000	9

serial.c estimated size: 134

C:\Program Files (x86)\Microchip\xc8\v2.00\pic\sources\c99\common\isalpha.c
		_isalpha       		CODE           	1750	0000	65

C:\Program Files (x86)\Microchip\xc8\v2.00\pic\sources\c99\common\isalpha.c estimated size: 65

C:\Program Files (x86)\Microchip\xc8\v2.00\pic\sources\c99\common\putch.c
		_putch         		CODE           	190A	0000	3

C:\Program Files (x86)\Microchip\xc8\v2.00\pic\sources\c99\common\putch.c estimated size: 3

C:\Program Files (x86)\Microchip\xc8\v2.00\pic\sources\c99\common\strlen.c
		_strlen        		CODE           	1668	0000	83

C:\Program Files (x86)\Microchip\xc8\v2.00\pic\sources\c99\common\strlen.c estimated size: 83

C:\Program Files (x86)\Microchip\xc8\v2.00\pic\sources\c99\common\nf_fputc.c
		_fputc         		CODE           	12A8	0000	223

C:\Program Files (x86)\Microchip\xc8\v2.00\pic\sources\c99\common\nf_fputc.c estimated size: 223

C:\Program Files (x86)\Microchip\xc8\v2.00\pic\sources\c99\common\nf_sprintf.c
		_sprintf       		CODE           	15B4	0000	91

C:\Program Files (x86)\Microchip\xc8\v2.00\pic\sources\c99\common\nf_sprintf.c estimated size: 91

C:\Program Files (x86)\Microchip\xc8\v2.00\pic\sources\c99\common\isdigit.c
		_isdigit       		CODE           	1808	0000	61

C:\Program Files (x86)\Microchip\xc8\v2.00\pic\sources\c99\common\isdigit.c estimated size: 61

C:\Program Files (x86)\Microchip\xc8\v2.00\pic\sources\c99\common\doprnt.c
		_vfpfcnvrt     		CODE           	06BA	0000	1057
		_pad           		CODE           	1386	0000	211
		_vfprintf      		CODE           	1552	0000	99
		_xtoa          		CODE           	0ADA	0000	821

C:\Program Files (x86)\Microchip\xc8\v2.00\pic\sources\c99\common\doprnt.c estimated size: 2188

i2c_scan.c
		_I2C_TestADR   		CODE           	11C4	0000	229
		_I2C_Wait      		CODE           	187E	0000	53
		_I2C_Wait_Clk  		CODE           	1906	0000	5

i2c_scan.c estimated size: 287

shared
		__initialization		CODE           	18DC	0000	25

shared estimated size: 25

C:\Program Files (x86)\Microchip\xc8\v2.00\pic\sources\c99\common\atoi.c
		_atoi          		CODE           	0E0E	0000	527

C:\Program Files (x86)\Microchip\xc8\v2.00\pic\sources\c99\common\atoi.c estimated size: 527

C:\Program Files (x86)\Microchip\xc8\v2.00\pic\sources\c99\common\islower.c
		_islower       		CODE           	1790	0000	61

C:\Program Files (x86)\Microchip\xc8\v2.00\pic\sources\c99\common\islower.c estimated size: 61

C:\Program Files (x86)\Microchip\xc8\v2.00\pic\sources\c99\common\Umul16.c
		___wmul        		CODE           	18B2	0000	43

C:\Program Files (x86)\Microchip\xc8\v2.00\pic\sources\c99\common\Umul16.c estimated size: 43

main.c
		_Long_delay_ms 		CODE           	1844	0000	59
		_main          		CODE           	101C	0000	425
		_System_init   		CODE           	1706	0000	75

main.c estimated size: 559

C:\Program Files (x86)\Microchip\xc8\v2.00\pic\sources\c99\common\nf_fputs.c
		_fputs         		CODE           	16BA	0000	77

C:\Program Files (x86)\Microchip\xc8\v2.00\pic\sources\c99\common\nf_fputs.c estimated size: 77

C:\Program Files (x86)\Microchip\xc8\v2.00\pic\sources\c99\common\isupper.c
		_isupper       		CODE           	17CC	0000	61

C:\Program Files (x86)\Microchip\xc8\v2.00\pic\sources\c99\common\isupper.c estimated size: 61

C:\Program Files (x86)\Microchip\xc8\v2.00\pic\sources\c99\common\toupper.c
		_toupper       		CODE           	1458	0000	127

C:\Program Files (x86)\Microchip\xc8\v2.00\pic\sources\c99\common\toupper.c estimated size: 127

